$ g++ bug_code.cpp -g -Wall -Werror -o bug_code
$ gdb bug_code
GNU gdb (GDB) Fedora 9.1-7.fc32
Copyright (C) 2020 Free Software Foundation, Inc.
License GPLv3+: GNU GPL version 3 or later <http://gnu.org/licenses/gpl.html>
This is free software: you are free to change and redistribute it.
There is NO WARRANTY, to the extent permitted by law.
Type "show copying" and "show warranty" for details.
This GDB was configured as "x86_64-redhat-linux-gnu".
Type "show configuration" for configuration details.
For bug reporting instructions, please see:
<http://www.gnu.org/software/gdb/bugs/>.
Find the GDB manual and other documentation resources online at:
    <http://www.gnu.org/software/gdb/documentation/>.

For help, type "help".
Type "apropos word" to search for commands related to "word"...
Reading symbols from bug_code...
(gdb) break 19
Breakpoint 1 at 0x4011cd: file bug_code.cpp, line 19.
(gdb) break 22
Breakpoint 2 at 0x4011e7: file bug_code.cpp, line 22.
(gdb) run
Starting program: /student/campbellrobert/csci_4850_5850/campbellrobert/week2_hw2/bug_code
Missing separate debuginfos, use: dnf debuginfo-install glibc-2.31-4.fc32.x86_64
4

Breakpoint 1, factorial (n=4) at bug_code.cpp:19
19          long result(1);
Missing separate debuginfos, use: dnf debuginfo-install libgcc-10.2.1-9.fc32.x86_64 libstdc++-10.2.1-9.fc32.x86_64
(gdb) list
14          return 0;
15      }
16
17      long factorial(int n)
18      {
19          long result(1);
20          while(n--)
21          {
22              result*=n;
23          }
(gdb) next
20          while(n--)
(gdb) step

Breakpoint 2, factorial (n=3) at bug_code.cpp:22
22              result*=n;
(gdb) print result
$1 = 1
(gdb) next
20          while(n--)
(gdb) print result
$2 = 3
(gdb) print n
$3 = 3
(gdb) next

Breakpoint 2, factorial (n=2) at bug_code.cpp:22
22              result*=n;
(gdb) next
20          while(n--)
(gdb) print result
$4 = 6
(gdb) print n
$5 = 2
(gdb) next

Breakpoint 2, factorial (n=1) at bug_code.cpp:22
22              result*=n;
(gdb) next
20          while(n--)
(gdb) print n
$6 = 1
(gdb) print result
$7 = 6
(gdb) next

Breakpoint 2, factorial (n=0) at bug_code.cpp:22
22              result*=n;
(gdb) next
20          while(n--)
(gdb) print result
$8 = 0
(gdb) print n
$9 = 0
(gdb) next
24          return result;
(gdb) next
25      }
(gdb) next
main () at bug_code.cpp:12
12          cout<<val;
(gdb) next
13          cin.get();
(gdb) next
014         return 0;
(gdb) next
15      }
(gdb) next
0x00007ffff7aab042 in __libc_start_main () from /lib64/libc.so.6
